  Determining projects to restore...
  All projects are up-to-date for restore.
  Insolvio.Domain -> C:\Users\barti\OneDrive\Desktop\desktop\Octopus munkak\work\InsolvPOC\Insolvio.Domain\bin\Debug\net8.0\Insolvio.Domain.dll
  Insolvio.Core -> C:\Users\barti\OneDrive\Desktop\desktop\Octopus munkak\work\InsolvPOC\Insolvio.Core\bin\Debug\net8.0\Insolvio.Core.dll
  Insolvio.Data -> C:\Users\barti\OneDrive\Desktop\desktop\Octopus munkak\work\InsolvPOC\Insolvio.Data\bin\Debug\net8.0\Insolvio.Data.dll
  Insolvio.Integrations -> C:\Users\barti\OneDrive\Desktop\desktop\Octopus munkak\work\InsolvPOC\Insolvio.Integrations\bin\Debug\net8.0\Insolvio.Integrations.dll
  Insolvio.API -> C:\Users\barti\OneDrive\Desktop\desktop\Octopus munkak\work\InsolvPOC\Insolvio.API\bin\Debug\net8.0\Insolvio.API.dll

Build succeeded.
    0 Warning(s)
    0 Error(s)

Time Elapsed 00:00:01.62
